Component: ARM Compiler 5.05 update 1 (build 106) Tool: armlink [4d0efa]

==============================================================================

Section Cross References

    main.o(.text) refers to user.o(.text) for HeadFirst
    stm32f10x_it.o(.text) refers to stm32f10x_usart.o(.text) for USART_GetITStatus
    stm32f10x_it.o(.text) refers to stm32f10x_exti.o(.text) for EXTI_GetITStatus
    stm32f10x_it.o(.text) refers to printfa.o(i.__0printf) for __2printf
    stm32f10x_it.o(.text) refers to stm32f10x_tim.o(.text) for TIM_GetITStatus
    stm32f10x_it.o(.text) refers to user.o(.text) for KeyPadScan
    stm32f10x_it.o(.text) refers to sim900a.o(.bss) for GSM_recvBuff
    stm32f10x_it.o(.text) refers to sim900a.o(.data) for recvDataCnt
    stm32f10x_it.o(.text) refers to stm32f10x_it.o(.data) for u8ExtiCnt
    stm32f10x_it.o(.text) refers to user.o(.data) for getWeightService
    delay.o(.text) refers to misc.o(.text) for SysTick_CLKSourceConfig
    delay.o(.text) refers to system_stm32f10x.o(.data) for SystemCoreClock
    delay.o(.text) refers to delay.o(.data) for fac_us
    user.o(.text) refers to stm32f10x_rcc.o(.text) for RCC_APB2PeriphClockCmd
    user.o(.text) refers to qr_encode.o(.text) for EncodeData
    user.o(.text) refers to lcd.o(.text) for LCD_Fill
    user.o(.text) refers to delay.o(.text) for Delay_init
    user.o(.text) refers to peripheral.o(.text) for LED_Config
    user.o(.text) refers to hx711.o(.text) for HX711_Config
    user.o(.text) refers to sim900a.o(.text) for TCP_ConnectServer
    user.o(.text) refers to printfa.o(i.__0printf) for __2printf
    user.o(.text) refers to qr_encode.o(.data) for m_nSymbleSize
    user.o(.text) refers to qr_encode.o(.bss) for m_byModuleData
    user.o(.text) refers to user.o(.data) for verison
    user.o(.text) refers to lcd.o(.data) for POINT_COLOR
    user.o(.text) refers to user.o(.constdata) for codetest
    user.o(.text) refers to dflti.o(.text) for __aeabi_i2d
    user.o(.text) refers to ddiv.o(.text) for __aeabi_ddiv
    user.o(.text) refers to atof.o(i.atof) for atof
    user.o(.text) refers to dmul.o(.text) for __aeabi_dmul
    user.o(.text) refers to dadd.o(.text) for __aeabi_dsub
    user.o(.text) refers to printfa.o(i.__0sprintf) for __2sprintf
    user.o(.text) refers to hx711.o(.data) for Weight_Shiwu
    user.o(.text) refers to user.o(.bss) for totalWeight
    user.o(.text) refers to tools.o(.text) for NumLength
    user.o(.text) refers to stm32f10x_usart.o(.text) for USART_ClearFlag
    peripheral.o(.text) refers to stm32f10x_gpio.o(.text) for GPIO_Init
    peripheral.o(.text) refers to stm32f10x_rcc.o(.text) for RCC_APB2PeriphClockCmd
    peripheral.o(.text) refers to stm32f10x_exti.o(.text) for EXTI_Init
    peripheral.o(.text) refers to misc.o(.text) for NVIC_PriorityGroupConfig
    peripheral.o(.text) refers to stm32f10x_usart.o(.text) for USART_Init
    peripheral.o(.text) refers to stm32f10x_tim.o(.text) for TIM_TimeBaseInit
    peripheral.o(.text) refers to stm32f10x_pwr.o(.text) for PWR_PVDLevelConfig
    tools.o(.text) refers to printfa.o(i.__0printf) for __2printf
    tools.o(.text) refers to stm32f10x_usart.o(.text) for USART_ClearFlag
    tools.o(.text) refers to stm32f10x_iwdg.o(.text) for IWDG_WriteAccessCmd
    tools.o(.text) refers to tools.o(.constdata) for Gcu8_AuchCRCHi
    lcd.o(.text) refers to delay.o(.text) for Delay_us
    lcd.o(.text) refers to lcd.o(.bss) for lcddev
    lcd.o(.text) refers to lcd.o(.data) for POINT_COLOR
    lcd.o(.text) refers to dfltui.o(.text) for __aeabi_ui2d
    lcd.o(.text) refers to dmul.o(.text) for __aeabi_dmul
    lcd.o(.text) refers to dfixui.o(.text) for __aeabi_d2uiz
    lcd.o(.text) refers to stm32f10x_rcc.o(.text) for RCC_AHBPeriphClockCmd
    lcd.o(.text) refers to stm32f10x_gpio.o(.text) for GPIO_Init
    lcd.o(.text) refers to stm32f10x_fsmc.o(.text) for FSMC_NORSRAMInit
    lcd.o(.text) refers to printfa.o(i.__0printf) for __2printf
    lcd.o(.text) refers to lcd.o(.constdata) for asc2_1206
    hx711.o(.text) refers to stm32f10x_gpio.o(.text) for GPIO_Init
    hx711.o(.text) refers to delay.o(.text) for Delay_us
    hx711.o(.text) refers to fflti.o(.text) for __aeabi_i2f
    hx711.o(.text) refers to fdiv.o(.text) for __aeabi_fdiv
    hx711.o(.text) refers to ffixi.o(.text) for __aeabi_f2iz
    hx711.o(.text) refers to hx711.o(.data) for Weight_Maopi
    sim900a.o(.text) refers to memseta.o(.text) for __aeabi_memclr
    sim900a.o(.text) refers to strstr.o(.text) for strstr
    sim900a.o(.text) refers to printfa.o(i.__0printf) for __2printf
    sim900a.o(.text) refers to peripheral.o(.text) for SendStringBy_USART1
    sim900a.o(.text) refers to printfa.o(i.__0sprintf) for __2sprintf
    sim900a.o(.text) refers to sim900a.o(.bss) for GSM_recvBuff
    sim900a.o(.text) refers to sim900a.o(.data) for recvDataCnt
    sim900a.o(.text) refers to user.o(.data) for ledFlickFlag
    bitstream.o(.text) refers to malloc.o(i.malloc) for malloc
[...]
    ../fplib/microlib/fpfix.c                0x00000000   Number         0  dfixui.o ABSOLUTE
    ../fplib/microlib/fpflt.c                0x00000000   Number         0  dfltul.o ABSOLUTE
    ../fplib/microlib/fpflt.c                0x00000000   Number         0  fflti.o ABSOLUTE
    ../fplib/microlib/fpflt.c                0x00000000   Number         0  dflti.o ABSOLUTE
    ../fplib/microlib/fpflt.c                0x00000000   Number         0  dfltui.o ABSOLUTE
    ../fplib/microlib/fpmul.c                0x00000000   Number         0  dmul.o ABSOLUTE
    ../mathlib/atof.c                        0x00000000   Number         0  atof.o ABSOLUTE
    ..\CMSIS\CM3\CoreSupport\core_cm3.c      0x00000000   Number         0  core_cm3.o ABSOLUTE
    ..\CMSIS\CM3\DeviceSupport\ST\STM32F10x\system_stm32f10x.c 0x00000000   Number         0  system_stm32f10x.o ABSOLUTE
    ..\Libraries\src\misc.c                  0x00000000   Number         0  misc.o ABSOLUTE
    ..\Libraries\src\stm32f10x_adc.c         0x00000000   Number         0  stm32f10x_adc.o ABSOLUTE
    ..\Libraries\src\stm32f10x_can.c         0x00000000   Number         0  stm32f10x_can.o ABSOLUTE
    ..\Libraries\src\stm32f10x_dma.c         0x00000000   Number         0  stm32f10x_dma.o ABSOLUTE
    ..\Libraries\src\stm32f10x_exti.c        0x00000000   Number         0  stm32f10x_exti.o ABSOLUTE
    ..\Libraries\src\stm32f10x_flash.c       0x00000000   Number         0  stm32f10x_flash.o ABSOLUTE
    ..\Libraries\src\stm32f10x_fsmc.c        0x00000000   Number         0  stm32f10x_fsmc.o ABSOLUTE
    ..\Libraries\src\stm32f10x_gpio.c        0x00000000   Number         0  stm32f10x_gpio.o ABSOLUTE
    ..\Libraries\src\stm32f10x_iwdg.c        0x00000000   Number         0  stm32f10x_iwdg.o ABSOLUTE
    ..\Libraries\src\stm32f10x_pwr.c         0x00000000   Number         0  stm32f10x_pwr.o ABSOLUTE
    ..\Libraries\src\stm32f10x_rcc.c         0x00000000   Number         0  stm32f10x_rcc.o ABSOLUTE
    ..\Libraries\src\stm32f10x_spi.c         0x00000000   Number         0  stm32f10x_spi.o ABSOLUTE
    ..\Libraries\src\stm32f10x_tim.c         0x00000000   Number         0  stm32f10x_tim.o ABSOLUTE
    ..\Libraries\src\stm32f10x_usart.c       0x00000000   Number         0  stm32f10x_usart.o ABSOLUTE
    ..\Startup\arm\startup_stm32f10x_hd.s    0x00000000   Number         0  startup_stm32f10x_hd.o ABSOLUTE
    ..\USER\HX711.c                          0x00000000   Number         0  hx711.o ABSOLUTE
    ..\USER\LCD\lcd.c                        0x00000000   Number         0  lcd.o ABSOLUTE
    ..\USER\QRENCODE\QR_Encode.c             0x00000000   Number         0  qr_encode.o ABSOLUTE
    ..\USER\QRENCODE\bitstream.c             0x00000000   Number         0  bitstream.o ABSOLUTE
    ..\USER\QRENCODE\mask.c                  0x00000000   Number         0  mask.o ABSOLUTE
    ..\USER\QRENCODE\mmask.c                 0x00000000   Number         0  mmask.o ABSOLUTE
    ..\USER\QRENCODE\mqrspec.c               0x00000000   Number         0  mqrspec.o ABSOLUTE
    ..\USER\QRENCODE\qrencode.c              0x00000000   Number         0  qrencode.o ABSOLUTE
    ..\USER\QRENCODE\qrinput.c               0x00000000   Number         0  qrinput.o ABSOLUTE
    ..\USER\QRENCODE\qrspec.c                0x00000000   Number         0  qrspec.o ABSOLUTE
    ..\USER\QRENCODE\rscode.c                0x00000000   Number         0  rscode.o ABSOLUTE
    ..\USER\QRENCODE\split.c                 0x00000000   Number         0  split.o ABSOLUTE
    ..\USER\delay.c                          0x00000000   Number         0  delay.o ABSOLUTE
    ..\USER\main.c                           0x00000000   Number         0  main.o ABSOLUTE
    ..\USER\peripheral.c                     0x00000000   Number         0  peripheral.o ABSOLUTE
    ..\USER\sim900a.c                        0x00000000   Number         0  sim900a.o ABSOLUTE
    ..\USER\stm32f10x_it.c                   0x00000000   Number         0  stm32f10x_it.o ABSOLUTE
    ..\USER\tools.c                          0x00000000   Number         0  tools.o ABSOLUTE
    ..\USER\user.c                           0x00000000   Number         0  user.o ABSOLUTE
    ..\\CMSIS\\CM3\\CoreSupport\\core_cm3.c  0x00000000   Number         0  core_cm3.o ABSOLUTE
    cdrcmple.s                               0x00000000   Number         0  cdrcmple.o ABSOLUTE
    dc.s                                     0x00000000   Number         0  dc.o ABSOLUTE
    handlers.s                               0x00000000   Number         0  handlers.o ABSOLUTE
    init.s                                   0x00000000   Number         0  init.o ABSOLUTE
    RESET                                    0x08000000   Section      304  startup_stm32f10x_hd.o(RESET)
    .ARM.Collect$$$$00000000                 0x08000130   Section        0  entry.o(.ARM.Collect$$$$00000000)
    .ARM.Collect$$$$00000001                 0x08000130   Section        4  entry2.o(.ARM.Collect$$$$00000001)
    .ARM.Collect$$$$00000004                 0x08000134   Section        4  entry5.o(.ARM.Collect$$$$00000004)
    .ARM.Collect$$$$00000008                 0x08000138   Section        0  entry7b.o(.ARM.Collect$$$$00000008)
    .ARM.Collect$$$$0000000A                 0x08000138   Section        0  entry8b.o(.ARM.Collect$$$$0000000A)
    .ARM.Collect$$$$0000000B                 0x08000138   Section        8  entry9a.o(.ARM.Collect$$$$0000000B)
    .ARM.Collect$$$$0000000D                 0x08000140   Section        0  entry10a.o(.ARM.Collect$$$$0000000D)
    .ARM.Collect$$$$0000000F                 0x08000140   Section        0  entry11a.o(.ARM.Collect$$$$0000000F)
    .ARM.Collect$$$$00002712                 0x08000140   Section        4  entry2.o(.ARM.Collect$$$$00002712)
    __lit__00000000                          0x08000140   Data           4  entry2.o(.ARM.Collect$$$$00002712)
    .text                                    0x08000144   Section        0  main.o(.text)
    .text                                    0x0800015c   Section        0  stm32f10x_it.o(.text)
    .text                                    0x08000308   Section        0  delay.o(.text)
    .text                                    0x080003dc   Section        0  user.o(.text)
    .text                                    0x08000f08   Section        0  peripheral.o(.text)
    .text                                    0x0800135c   Section        0  tools.o(.text)
    .text                                    0x08001530   Section        0  lcd.o(.text)
    .text                                    0x08005f8c   Section        0  hx711.o(.text)
    .text                                    0x080060b8   Section        0  sim900a.o(.text)
    .text                                    0x0800643c   Section        0  qr_encode.o(.text)
    .text                                    0x080081f0   Section        0  misc.o(.text)
    .text                                    0x080082cc   Section        0  stm32f10x_gpio.o(.text)
    .text                                    0x08008628   Section        0  stm32f10x_rcc.o(.text)
    .text                                    0x080089cc   Section        0  stm32f10x_usart.o(.text)
    .text                                    0x08008dd4   Section        0  stm32f10x_exti.o(.text)
    .text                                    0x08008ef0   Section        0  stm32f10x_tim.o(.text)
    TI4_Config                               0x08009397   Thumb Code   130  stm32f10x_tim.o(.text)
    TI3_Config                               0x0800942b   Thumb Code   122  stm32f10x_tim.o(.text)
    TI2_Config                               0x080094bf   Thumb Code   130  stm32f10x_tim.o(.text)
    TI1_Config                               0x08009553   Thumb Code   108  stm32f10x_tim.o(.text)
    .text                                    0x08009d0c   Section        0  stm32f10x_iwdg.o(.text)
    .text                                    0x08009d4c   Section        0  stm32f10x_pwr.o(.text)
    .text                                    0x08009e18   Section        0  stm32f10x_fsmc.o(.text)
    .text                                    0x0800a424   Section        0  system_stm32f10x.o(.text)
    SetSysClockTo72                          0x0800a425   Thumb Code   214  system_stm32f10x.o(.text)
    SetSysClock                              0x0800a4fb   Thumb Code     8  system_stm32f10x.o(.text)
    .text                                    0x0800a604   Section       36  startup_stm32f10x_hd.o(.text)
    .text                                    0x0800a628   Section        0  memmove.o(.text)
    .text                                    0x0800a66a   Section        0  memseta.o(.text)
    .text                                    0x0800a68e   Section        0  strstr.o(.text)
    .text                                    0x0800a6b2   Section        0  strlen.o(.text)
    .text                                    0x0800a6c0   Section        0  fdiv.o(.text)
    .text                                    0x0800a73c   Section        0  dadd.o(.text)
    .text                                    0x0800a88a   Section        0  dmul.o(.text)
    .text                                    0x0800a96e   Section        0  ddiv.o(.text)
    .text                                    0x0800aa4c   Section        0  fflti.o(.text)
    .text                                    0x0800aa5e   Section        0  dflti.o(.text)
    .text                                    0x0800aa80   Section        0  dfltui.o(.text)
    .text                                    0x0800aa9a   Section        0  ffixi.o(.text)
    .text                                    0x0800aacc   Section        0  dfixui.o(.text)
    .text                                    0x0800aafe   Section        0  uidiv.o(.text)
    .text                                    0x0800ab2a   Section        0  uldiv.o(.text)
    .text                                    0x0800ab8c   Section        0  llshl.o(.text)
    .text                                    0x0800abaa   Section        0  llushr.o(.text)
    .text                                    0x0800abca   Section        0  llsshr.o(.text)
    .text                                    0x0800abf0   Section        0  strtod.o(.text)
    _local_sscanf                            0x0800abf1   Thumb Code    54  strtod.o(.text)
    .text                                    0x0800ac8c   Section        0  iusefp.o(.text)
    .text                                    0x0800ac8c   Section        0  fepilogue.o(.text)
    .text                                    0x0800acfa   Section        0  depilogue.o(.text)
    .text                                    0x0800adb4   Section        0  dfixul.o(.text)
    .text                                    0x0800ade4   Section       48  cdrcmple.o(.text)
    .text                                    0x0800ae14   Section       36  init.o(.text)
    .text                                    0x0800ae38   Section        0  isspace_c.o(.text)
    .text                                    0x0800ae44   Section        0  scanf_fp.o(.text)
    _fp_value                                0x0800ae45   Thumb Code   256  scanf_fp.o(.text)
    .text                                    0x0800b17c   Section        0  _sgetc.o(.text)
    .text                                    0x0800b1bc   Section        0  ctype_c.o(.text)
    .text                                    0x0800b1e4   Section        0  dfltul.o(.text)
    .text                                    0x0800b1fc   Section        0  d2f.o(.text)
    .text                                    0x0800b234   Section        0  __dczerorl2.o(.text)
    i.__0printf                              0x0800b28c   Section        0  printfa.o(i.__0printf)
    i.__0sprintf                             0x0800b2ac   Section        0  printfa.o(i.__0sprintf)
    i.__read_errno                           0x0800b2d4   Section        0  errno.o(i.__read_errno)
    i.__scatterload_copy                     0x0800b2e0   Section       14  handlers.o(i.__scatterload_copy)
    i.__scatterload_null                     0x0800b2ee   Section        2  handlers.o(i.__scatterload_null)
    i.__scatterload_zeroinit                 0x0800b2f0   Section       14  handlers.o(i.__scatterload_zeroinit)
    i.__set_errno                            0x0800b300   Section        0  errno.o(i.__set_errno)
    i._fp_digits                             0x0800b30c   Section        0  printfa.o(i._fp_digits)
    _fp_digits                               0x0800b30d   Thumb Code   334  printfa.o(i._fp_digits)
    i._is_digit                              0x0800b470   Section        0  scanf_fp.o(i._is_digit)
    i._printf_core                           0x0800b480   Section        0  printfa.o(i._printf_core)
    _printf_core                             0x0800b481   Thumb Code  1744  printfa.o(i._printf_core)
    i._printf_post_padding                   0x0800bb5c   Section        0  printfa.o(i._printf_post_padding)
    _printf_post_padding                     0x0800bb5d   Thumb Code    36  printfa.o(i._printf_post_padding)
    i._printf_pre_padding                    0x0800bb80   Section        0  printfa.o(i._printf_pre_padding)
    _printf_pre_padding                      0x0800bb81   Thumb Code    46  printfa.o(i._printf_pre_padding)
    i._sputc                                 0x0800bbae   Section        0  printfa.o(i._sputc)
    _sputc                                   0x0800bbaf   Thumb Code    10  printfa.o(i._sputc)
    i.atof                                   0x0800bbb8   Section        0  atof.o(i.atof)
    .constdata                               0x0800bbe2   Section       45  user.o(.constdata)
    .constdata                               0x0800bc0f   Section      512  tools.o(.constdata)
    .constdata                               0x0800be0f   Section     6080  lcd.o(.constdata)
    .constdata                               0x0800d5d0   Section     4754  qr_encode.o(.constdata)
    .constdata                               0x0800e862   Section       64  ctype_c.o(.constdata)
    .data                                    0x20000000   Section        1  stm32f10x_it.o(.data)
    u8ExtiCnt                                0x20000000   Data           1  stm32f10x_it.o(.data)
    .data                                    0x20000002   Section        4  delay.o(.data)
    fac_us                                   0x20000002   Data           1  delay.o(.data)
    fac_ms                                   0x20000004   Data           2  delay.o(.data)
    .data                                    0x20000008   Section       44  user.o(.data)
    Su8_ledStep                              0x2000002c   Data           1  user.o(.data)
    Su8_ledFlickNum                          0x2000002d   Data           1  user.o(.data)
    step                                     0x2000002e   Data           1  user.o(.data)
    keyPadLock                               0x2000002f   Data           1  user.o(.data)
    cursorIndex                              0x20000030   Data           1  user.o(.data)
    lastLength                               0x20000031   Data           1  user.o(.data)
    newLength                                0x20000032   Data           1  user.o(.data)
    step                                     0x20000033   Data           1  user.o(.data)
    .data                                    0x20000034   Section        4  lcd.o(.data)
    .data                                    0x20000038   Section       13  hx711.o(.data)
    .data                                    0x20000046   Section       26  sim900a.o(.data)
    step                                     0x2000005e   Data           1  sim900a.o(.data)
    askCnt                                   0x2000005f   Data           1  sim900a.o(.data)
    .data                                    0x20000060   Section      320  qr_encode.o(.data)
    byPattern                                0x20000194   Data           7  qr_encode.o(.data)
    byPattern                                0x2000019b   Data           5  qr_encode.o(.data)
    .data                                    0x200001a0   Section       20  stm32f10x_rcc.o(.data)
    APBAHBPrescTable                         0x200001a0   Data          16  stm32f10x_rcc.o(.data)
    ADCPrescTable                            0x200001b0   Data           4  stm32f10x_rcc.o(.data)
    .data                                    0x200001b4   Section       20  system_stm32f10x.o(.data)
    .data                                    0x200001c8   Section        4  errno.o(.data)
    _errno                                   0x200001c8   Data           4  errno.o(.data)
    .data                                    0x200001cc   Section        4  stdout.o(.data)
    .bss                                     0x200001d0   Section       80  user.o(.bss)
    .bss                                     0x20000220   Section       14  lcd.o(.bss)
    .bss                                     0x2000022e   Section      253  sim900a.o(.bss)
    .bss                                     0x2000032b   Section    44056  qr_encode.o(.bss)
    STACK                                    0x2000af48   Section     1024  startup_stm32f10x_hd.o(STACK)

    Global Symbols

    Symbol Name                              Value     Ov Type        Size  Object(Section)

    BuildAttributes$$THM_ISAv4$P$D$K$B$S$PE$A:L22UL41UL21$X:L11$S22US41US21$IEEE1$IW$USESV6$~STKCKD$USESV7$~SHL$OTIME$ROPI$IEEEJ$EBA8$MICROLIB$REQ8$PRES8$EABIv2 0x00000000   Number         0  anon$$obj.o ABSOLUTE
    __ARM_use_no_argv                        0x00000000   Number         0  main.o ABSOLUTE
    _printf_a                                0x00000000   Number         0  stubs.o ABSOLUTE
    _printf_c                                0x00000000   Number         0  stubs.o ABSOLUTE
    _printf_charcount                        0x00000000   Number         0  stubs.o ABSOLUTE
    _printf_d                                0x00000000   Number         0  stubs.o ABSOLUTE
    _printf_e                                0x00000000   Number         0  stubs.o ABSOLUTE
    _printf_f                                0x00000000   Number         0  stubs.o ABSOLUTE
    _printf_flags                            0x00000000   Number         0  stubs.o ABSOLUTE
    _printf_fp_dec                           0x00000000   Number         0  stubs.o ABSOLUTE
    _printf_fp_hex                           0x00000000   Number         0  stubs.o ABSOLUTE
    _printf_g                                0x00000000   Number         0  stubs.o ABSOLUTE
    _printf_i                                0x00000000   Number         0  stubs.o ABSOLUTE
    _printf_int_dec                          0x00000000   Number         0  stubs.o ABSOLUTE
    _printf_l                                0x00000000   Number         0  stubs.o ABSOLUTE
    _printf_lc                               0x00000000   Number         0  stubs.o ABSOLUTE
    _printf_ll                               0x00000000   Number         0  stubs.o ABSOLUTE
    _printf_lld                              0x00000000   Number         0  stubs.o ABSOLUTE
    _printf_lli                              0x00000000   Number         0  stubs.o ABSOLUTE
    _printf_llo                              0x00000000   Number         0  stubs.o ABSOLUTE
    _printf_llu                              0x00000000   Number         0  stubs.o ABSOLUTE
    _printf_llx                              0x00000000   Number         0  stubs.o ABSOLUTE
    _printf_longlong_dec                     0x00000000   Number         0  stubs.o ABSOLUTE
    _printf_longlong_hex                     0x00000000   Number         0  stubs.o ABSOLUTE
    _printf_longlong_oct                     0x00000000   Number         0  stubs.o ABSOLUTE
    _printf_ls                               0x00000000   Number         0  stubs.o ABSOLUTE
    _printf_mbtowc                           0x00000000   Number         0  stubs.o ABSOLUTE
    _printf_n                                0x00000000   Number         0  stubs.o ABSOLUTE
    _printf_o                                0x00000000   Number         0  stubs.o ABSOLUTE
    _printf_p                                0x00000000   Number         0  stubs.o ABSOLUTE
    _printf_percent                          0x00000000   Number         0  stubs.o ABSOLUTE
    _printf_pre_padding                      0x00000000   Number         0  stubs.o ABSOLUTE
    _printf_return_value                     0x00000000   Number         0  stubs.o ABSOLUTE
    _printf_s                                0x00000000   Number         0  stubs.o ABSOLUTE
    _printf_sizespec                         0x00000000   Number         0  stubs.o ABSOLUTE
    _printf_str                              0x00000000   Number         0  stubs.o ABSOLUTE
    _printf_truncate_signed                  0x00000000   Number         0  stubs.o ABSOLUTE
    _printf_truncate_unsigned                0x00000000   Number         0  stubs.o ABSOLUTE
    _printf_u                                0x00000000   Number         0  stubs.o ABSOLUTE
    _printf_wc                               0x00000000   Number         0  stubs.o ABSOLUTE
    _printf_wctomb                           0x00000000   Number         0  stubs.o ABSOLUTE
    _printf_widthprec                        0x00000000   Number         0  stubs.o ABSOLUTE
    _printf_x                                0x00000000   Number         0  stubs.o ABSOLUTE
    __cpp_initialize__aeabi_                  - Undefined Weak Reference
    __cxa_finalize                            - Undefined Weak Reference
    _clock_init                               - Undefined Weak Reference
    _microlib_exit                            - Undefined Weak Reference
    __Vectors_Size                           0x00000130   Number         0  startup_stm32f10x_hd.o ABSOLUTE
    __Vectors                                0x08000000   Data           4  startup_stm32f10x_hd.o(RESET)
    __Vectors_End                            0x08000130   Data           0  startup_stm32f10x_hd.o(RESET)
    __main                                   0x08000131   Thumb Code     0  entry.o(.ARM.Collect$$$$00000000)
    _main_stk                                0x08000131   Thumb Code     0  entry2.o(.ARM.Collect$$$$00000001)
    _main_scatterload                        0x08000135   Thumb Code     0  entry5.o(.ARM.Collect$$$$00000004)
    __main_after_scatterload                 0x08000139   Thumb Code     0  entry5.o(.ARM.Collect$$$$00000004)
    _main_clock                              0x08000139   Thumb Code     0  entry7b.o(.ARM.Collect$$$$00000008)
    _main_cpp_init                           0x08000139   Thumb Code     0  entry8b.o(.ARM.Collect$$$$0000000A)
    _main_init                               0x08000139   Thumb Code     0  entry9a.o(.ARM.Collect$$$$0000000B)
    __rt_final_cpp                           0x08000141   Thumb Code     0  entry10a.o(.ARM.Collect$$$$0000000D)
    __rt_final_exit                          0x08000141   Thumb Code     0  entry11a.o(.ARM.Collect$$$$0000000F)
    main                                     0x08000145   Thumb Code    24  main.o(.text)
    NMI_Handler                              0x0800015d   Thumb Code     2  stm32f10x_it.o(.text)
    HardFault_Handler                        0x0800015f   Thumb Code     4  stm32f10x_it.o(.text)
    MemManage_Handler                        0x08000163   Thumb Code     4  stm32f10x_it.o(.text)
    BusFault_Handler                         0x08000167   Thumb Code     4  stm32f10x_it.o(.text)
    UsageFault_Handler                       0x0800016b   Thumb Code     4  stm32f10x_it.o(.text)
    SVC_Handler                              0x0800016f   Thumb Code     2  stm32f10x_it.o(.text)
    DebugMon_Handler                         0x08000171   Thumb Code     2  stm32f10x_it.o(.text)
    USART1_IRQHandler                        0x08000173   Thumb Code    26  stm32f10x_it.o(.text)
    USART2_IRQHandler                        0x0800018d   Thumb Code    62  stm32f10x_it.o(.text)
    USART3_IRQHandler                        0x080001cb   Thumb Code    26  stm32f10x_it.o(.text)
    EXTI3_IRQHandler                         0x080001e5   Thumb Code    38  stm32f10x_it.o(.text)
    TIM4_IRQHandler                          0x0800020b   Thumb Code   146  stm32f10x_it.o(.text)
    EXTI9_5_IRQHandler                       0x0800029d   Thumb Code    22  stm32f10x_it.o(.text)
    Delay_init                               0x08000309   Thumb Code    50  delay.o(.text)
    Delay_us                                 0x0800033b   Thumb Code    72  delay.o(.text)
    Delay_ms                                 0x08000383   Thumb Code    72  delay.o(.text)
    RCC_Config                               0x080003dd   Thumb Code   100  user.o(.text)
    DISPLAY_RENCODE_TO_TFT                   0x08000441   Thumb Code   238  user.o(.text)
    HeadFirst                                0x0800052f   Thumb Code   208  user.o(.text)
    KeyTest                                  0x080005ff   Thumb Code   176  user.o(.text)
    LedFlick                                 0x080006af   Thumb Code   150  user.o(.text)
    KeyPadScan                               0x08000745   Thumb Code   770  user.o(.text)
    KeyPadService                            0x08000a47   Thumb Code   836  user.o(.text)
    GetWeightService                         0x08000d8b   Thumb Code    92  user.o(.text)
    GPRS_Service                             0x08000de7   Thumb Code   200  user.o(.text)
    LED_Config                               0x08000f09   Thumb Code    54  peripheral.o(.text)
    MotorAndLimitConfig                      0x08000f3f   Thumb Code   112  peripheral.o(.text)
    Key4_IT_Config                           0x08000faf   Thumb Code   104  peripheral.o(.text)
    USART1_Config                            0x08001017   Thumb Code   154  peripheral.o(.text)
    USART2_Config                            0x080010b1   Thumb Code   150  peripheral.o(.text)
    USART3_Config                            0x08001147   Thumb Code   152  peripheral.o(.text)
    TIM4_Config                              0x080011df   Thumb Code   102  peripheral.o(.text)
    GPIO_Config                              0x08001245   Thumb Code    30  peripheral.o(.text)
    PVD_Init                                 0x08001263   Thumb Code    80  peripheral.o(.text)
    KeyPadConfig                             0x080012b3   Thumb Code    68  peripheral.o(.text)
    SendDataBy_USART1                        0x080012f7   Thumb Code    78  peripheral.o(.text)
    SendStringBy_USART1                      0x08001345   Thumb Code    24  peripheral.o(.text)
    CheckId                                  0x0800135d   Thumb Code    66  tools.o(.text)
    fputc                                    0x0800139f   Thumb Code    42  tools.o(.text)
    CRC16                                    0x080013c9   Thumb Code    48  tools.o(.text)
    NumberTo_BCD                             0x080013f9   Thumb Code    26  tools.o(.text)
    BCD_ToNumber                             0x08001413   Thumb Code    20  tools.o(.text)
    IWDG_Configuration                       0x08001427   Thumb Code    34  tools.o(.text)
    FeedDog                                  0x08001449   Thumb Code     8  tools.o(.text)
    EXTI_Cmd                                 0x08001451   Thumb Code    44  tools.o(.text)
    GetBetterNum                             0x0800147d   Thumb Code    72  tools.o(.text)
    SystemReset                              0x080014c5   Thumb Code    38  tools.o(.text)
    NumLength                                0x080014eb   Thumb Code    34  tools.o(.text)
    LCD_WR_REG                               0x08001531   Thumb Code     6  lcd.o(.text)
    LCD_WR_DATA                              0x08001537   Thumb Code     8  lcd.o(.text)
    LCD_RD_DATA                              0x0800153f   Thumb Code    16  lcd.o(.text)
    LCD_WriteReg                             0x0800154f   Thumb Code    10  lcd.o(.text)
    LCD_ReadReg                              0x08001559   Thumb Code    22  lcd.o(.text)
    LCD_WriteRAM_Prepare                     0x0800156f   Thumb Code    10  lcd.o(.text)
    LCD_WriteRAM                             0x08001579   Thumb Code     8  lcd.o(.text)
    LCD_BGR2RGB                              0x08001581   Thumb Code    26  lcd.o(.text)
    opt_delay                                0x0800159b   Thumb Code    14  lcd.o(.text)
    LCD_SetCursor                            0x080015a9   Thumb Code   418  lcd.o(.text)
    LCD_ReadPoint                            0x0800174b   Thumb Code   360  lcd.o(.text)
    LCD_DisplayOn                            0x080018b3   Thumb Code   102  lcd.o(.text)
    LCD_DisplayOff                           0x08001919   Thumb Code    90  lcd.o(.text)
    LCD_Scan_Dir                             0x08001973   Thumb Code   744  lcd.o(.text)
    LCD_DrawPoint                            0x08001c5b   Thumb Code    28  lcd.o(.text)
    LCD_Fast_DrawPoint                       0x08001c77   Thumb Code   384  lcd.o(.text)
    LCD_SSD_BackLightSet                     0x08001df7   Thumb Code    80  lcd.o(.text)
    LCD_Display_Dir                          0x08001e47   Thumb Code   444  lcd.o(.text)
    LCD_Set_Window                           0x08002003   Thumb Code   540  lcd.o(.text)
    LCD_Clear                                0x0800221f   Thumb Code   100  lcd.o(.text)
    LCD_Config                               0x08002283   Thumb Code 14190  lcd.o(.text)
    LCD_Fill                                 0x080059f1   Thumb Code   178  lcd.o(.text)
    LCD_Color_Fill                           0x08005aa3   Thumb Code   106  lcd.o(.text)
    LCD_DrawLine                             0x08005b0d   Thumb Code   176  lcd.o(.text)
    LCD_DrawRectangle                        0x08005bbd   Thumb Code    60  lcd.o(.text)
    LCD_Draw_Circle                          0x08005bf9   Thumb Code   152  lcd.o(.text)
    LCD_ShowChar                             0x08005c91   Thumb Code   272  lcd.o(.text)
    LCD_Pow                                  0x08005da1   Thumb Code    22  lcd.o(.text)
    LCD_ShowNum                              0x08005db7   Thumb Code   148  lcd.o(.text)
    LCD_ShowxNum                             0x08005e4b   Thumb Code   220  lcd.o(.text)
    LCD_ShowString                           0x08005f27   Thumb Code   102  lcd.o(.text)
    HX711_Config                             0x08005f8d   Thumb Code    58  hx711.o(.text)
    ReadCount                                0x08005fc7   Thumb Code   122  hx711.o(.text)
    GetMaopi                                 0x08006041   Thumb Code    12  hx711.o(.text)
    GetWeight                                0x0800604d   Thumb Code    80  hx711.o(.text)
    Clear_GSM_BUff                           0x080060b9   Thumb Code    18  sim900a.o(.text)
    FindChar                                 0x080060cb   Thumb Code    24  sim900a.o(.text)
    Send_AT_Cmd                              0x080060e3   Thumb Code   122  sim900a.o(.text)
    TCP_ConnectServer                        0x0800615d   Thumb Code   378  sim900a.o(.text)
    SetFormatInfoPattern                     0x0800643d   Thumb Code   298  qr_encode.o(.text)
    SetMaskingPattern                        0x08006567   Thumb Code   406  qr_encode.o(.text)
    CountPenalty                             0x080066fd   Thumb Code  1356  qr_encode.o(.text)
    SetCodeWordPattern                       0x08006c49   Thumb Code   144  qr_encode.o(.text)
    SetAlignmentPattern                      0x08006cd9   Thumb Code    86  qr_encode.o(.text)
    SetVersionPattern                        0x08006d2f   Thumb Code   140  qr_encode.o(.text)
    SetFinderPattern                         0x08006dbb   Thumb Code    64  qr_encode.o(.text)
    SetFunctionModule                        0x08006dfb   Thumb Code   444  qr_encode.o(.text)
    FormatModule                             0x08006fb7   Thumb Code   218  qr_encode.o(.text)
    GetRSCodeWord                            0x08007091   Thumb Code   124  qr_encode.o(.text)
    SetBitStream                             0x0800710d   Thumb Code   112  qr_encode.o(.text)
    KanjiToBinaly                            0x0800717d   Thumb Code    46  qr_encode.o(.text)
    AlphabetToBinaly                         0x080071ab   Thumb Code   102  qr_encode.o(.text)
    GetBitLength                             0x08007211   Thumb Code   148  qr_encode.o(.text)
    IsAlphabetData                           0x080072a5   Thumb Code    70  qr_encode.o(.text)
    IsNumeralData                            0x080072eb   Thumb Code    18  qr_encode.o(.text)
    IsKanjiData                              0x080072fd   Thumb Code    50  qr_encode.o(.text)
    EncodeSourceData                         0x0800732f   Thumb Code  2002  qr_encode.o(.text)
    GetEncodeVersion                         0x08007b01   Thumb Code   242  qr_encode.o(.text)
    EncodeData                               0x08007bf3   Thumb Code   846  qr_encode.o(.text)
    IsChineseData                            0x08007f41   Thumb Code    34  qr_encode.o(.text)
    ChineseToBinaly                          0x08007f63   Thumb Code    94  qr_encode.o(.text)
    Print_2DCode                             0x08007fc1   Thumb Code   550  qr_encode.o(.text)
    NVIC_PriorityGroupConfig                 0x080081f1   Thumb Code    10  misc.o(.text)
    NVIC_Init                                0x080081fb   Thumb Code   100  misc.o(.text)
    NVIC_SetVectorTable                      0x0800825f   Thumb Code    14  misc.o(.text)
    NVIC_SystemLPConfig                      0x0800826d   Thumb Code    34  misc.o(.text)
    SysTick_CLKSourceConfig                  0x0800828f   Thumb Code    40  misc.o(.text)
    GPIO_DeInit                              0x080082cd   Thumb Code   172  stm32f10x_gpio.o(.text)
    GPIO_AFIODeInit                          0x08008379   Thumb Code    20  stm32f10x_gpio.o(.text)
    GPIO_Init                                0x0800838d   Thumb Code   278  stm32f10x_gpio.o(.text)
    GPIO_StructInit                          0x080084a3   Thumb Code    16  stm32f10x_gpio.o(.text)
    GPIO_ReadInputDataBit                    0x080084b3   Thumb Code    18  stm32f10x_gpio.o(.text)
    GPIO_ReadInputData                       0x080084c5   Thumb Code     8  stm32f10x_gpio.o(.text)
    GPIO_ReadOutputDataBit                   0x080084cd   Thumb Code    18  stm32f10x_gpio.o(.text)
    GPIO_ReadOutputData                      0x080084df   Thumb Code     8  stm32f10x_gpio.o(.text)
    GPIO_SetBits                             0x080084e7   Thumb Code     4  stm32f10x_gpio.o(.text)
    GPIO_ResetBits                           0x080084eb   Thumb Code     4  stm32f10x_gpio.o(.text)
    GPIO_WriteBit                            0x080084ef   Thumb Code    10  stm32f10x_gpio.o(.text)
    GPIO_Write                               0x080084f9   Thumb Code     4  stm32f10x_gpio.o(.text)
    GPIO_PinLockConfig                       0x080084fd   Thumb Code    18  stm32f10x_gpio.o(.text)
    GPIO_EventOutputConfig                   0x0800850f   Thumb Code    26  stm32f10x_gpio.o(.text)
    GPIO_EventOutputCmd                      0x08008529   Thumb Code     6  stm32f10x_gpio.o(.text)
    GPIO_PinRemapConfig                      0x0800852f   Thumb Code   138  stm32f10x_gpio.o(.text)
    GPIO_EXTILineConfig                      0x080085b9   Thumb Code    66  stm32f10x_gpio.o(.text)
    GPIO_ETH_MediaInterfaceConfig            0x080085fb   Thumb Code     8  stm32f10x_gpio.o(.text)
    RCC_DeInit                               0x08008629   Thumb Code    64  stm32f10x_rcc.o(.text)
    RCC_HSEConfig                            0x08008669   Thumb Code    70  stm32f10x_rcc.o(.text)
    RCC_GetFlagStatus                        0x080086af   Thumb Code    56  stm32f10x_rcc.o(.text)
    RCC_WaitForHSEStartUp                    0x080086e7   Thumb Code    56  stm32f10x_rcc.o(.text)
    RCC_AdjustHSICalibrationValue            0x0800871f   Thumb Code    20  stm32f10x_rcc.o(.text)
    RCC_HSICmd                               0x08008733   Thumb Code     6  stm32f10x_rcc.o(.text)
    RCC_PLLConfig                            0x08008739   Thumb Code    24  stm32f10x_rcc.o(.text)
    RCC_PLLCmd                               0x08008751   Thumb Code     6  stm32f10x_rcc.o(.text)
    RCC_SYSCLKConfig                         0x08008757   Thumb Code    18  stm32f10x_rcc.o(.text)
    RCC_GetSYSCLKSource                      0x08008769   Thumb Code    10  stm32f10x_rcc.o(.text)
    RCC_HCLKConfig                           0x08008773   Thumb Code    18  stm32f10x_rcc.o(.text)
    RCC_PCLK1Config                          0x08008785   Thumb Code    18  stm32f10x_rcc.o(.text)
    RCC_PCLK2Config                          0x08008797   Thumb Code    20  stm32f10x_rcc.o(.text)
    RCC_ITConfig                             0x080087ab   Thumb Code    26  stm32f10x_rcc.o(.text)
    RCC_USBCLKConfig                         0x080087c5   Thumb Code     8  stm32f10x_rcc.o(.text)
    RCC_ADCCLKConfig                         0x080087cd   Thumb Code    18  stm32f10x_rcc.o(.text)
    RCC_LSEConfig                            0x080087df   Thumb Code    50  stm32f10x_rcc.o(.text)
    RCC_LSICmd                               0x08008811   Thumb Code     6  stm32f10x_rcc.o(.text)
    RCC_RTCCLKConfig                         0x08008817   Thumb Code    12  stm32f10x_rcc.o(.text)
    RCC_RTCCLKCmd                            0x08008823   Thumb Code     8  stm32f10x_rcc.o(.text)
    RCC_GetClocksFreq                        0x0800882b   Thumb Code   192  stm32f10x_rcc.o(.text)
    RCC_AHBPeriphClockCmd                    0x080088eb   Thumb Code    26  stm32f10x_rcc.o(.text)
    RCC_APB2PeriphClockCmd                   0x08008905   Thumb Code    26  stm32f10x_rcc.o(.text)
    RCC_APB1PeriphClockCmd                   0x0800891f   Thumb Code    26  stm32f10x_rcc.o(.text)
    RCC_APB2PeriphResetCmd                   0x08008939   Thumb Code    26  stm32f10x_rcc.o(.text)
    RCC_APB1PeriphResetCmd                   0x08008953   Thumb Code    26  stm32f10x_rcc.o(.text)
    RCC_BackupResetCmd                       0x0800896d   Thumb Code     8  stm32f10x_rcc.o(.text)
    RCC_ClockSecuritySystemCmd               0x08008975   Thumb Code     6  stm32f10x_rcc.o(.text)
    RCC_MCOConfig                            0x0800897b   Thumb Code     6  stm32f10x_rcc.o(.text)
    RCC_ClearFlag                            0x08008981   Thumb Code    14  stm32f10x_rcc.o(.text)
    RCC_GetITStatus                          0x0800898f   Thumb Code    20  stm32f10x_rcc.o(.text)
    RCC_ClearITPendingBit                    0x080089a3   Thumb Code     6  stm32f10x_rcc.o(.text)
    USART_DeInit                             0x080089cd   Thumb Code   134  stm32f10x_usart.o(.text)
    USART_Init                               0x08008a53   Thumb Code   210  stm32f10x_usart.o(.text)
    USART_StructInit                         0x08008b25   Thumb Code    24  stm32f10x_usart.o(.text)
    USART_ClockInit                          0x08008b3d   Thumb Code    34  stm32f10x_usart.o(.text)
    USART_ClockStructInit                    0x08008b5f   Thumb Code    12  stm32f10x_usart.o(.text)
    USART_Cmd                                0x08008b6b   Thumb Code    24  stm32f10x_usart.o(.text)
    USART_ITConfig                           0x08008b83   Thumb Code    74  stm32f10x_usart.o(.text)
    USART_DMACmd                             0x08008bcd   Thumb Code    18  stm32f10x_usart.o(.text)
    USART_SetAddress                         0x08008bdf   Thumb Code    18  stm32f10x_usart.o(.text)
    USART_WakeUpConfig                       0x08008bf1   Thumb Code    18  stm32f10x_usart.o(.text)
    USART_ReceiverWakeUpCmd                  0x08008c03   Thumb Code    24  stm32f10x_usart.o(.text)
    USART_LINBreakDetectLengthConfig         0x08008c1b   Thumb Code    18  stm32f10x_usart.o(.text)
    USART_LINCmd                             0x08008c2d   Thumb Code    24  stm32f10x_usart.o(.text)
    USART_SendData                           0x08008c45   Thumb Code     8  stm32f10x_usart.o(.text)
    USART_ReceiveData                        0x08008c4d   Thumb Code    10  stm32f10x_usart.o(.text)
    USART_SendBreak                          0x08008c57   Thumb Code    10  stm32f10x_usart.o(.text)
    USART_SetGuardTime                       0x08008c61   Thumb Code    16  stm32f10x_usart.o(.text)
    USART_SetPrescaler                       0x08008c71   Thumb Code    16  stm32f10x_usart.o(.text)
    USART_SmartCardCmd                       0x08008c81   Thumb Code    24  stm32f10x_usart.o(.text)
    USART_SmartCardNACKCmd                   0x08008c99   Thumb Code    24  stm32f10x_usart.o(.text)
    USART_HalfDuplexCmd                      0x08008cb1   Thumb Code    24  stm32f10x_usart.o(.text)
    USART_OverSampling8Cmd                   0x08008cc9   Thumb Code    22  stm32f10x_usart.o(.text)
    USART_OneBitMethodCmd                    0x08008cdf   Thumb Code    24  stm32f10x_usart.o(.text)
    USART_IrDAConfig                         0x08008cf7   Thumb Code    18  stm32f10x_usart.o(.text)
    USART_IrDACmd                            0x08008d09   Thumb Code    24  stm32f10x_usart.o(.text)
    USART_GetFlagStatus                      0x08008d21   Thumb Code    26  stm32f10x_usart.o(.text)
    USART_ClearFlag                          0x08008d3b   Thumb Code    18  stm32f10x_usart.o(.text)
    USART_GetITStatus                        0x08008d4d   Thumb Code    84  stm32f10x_usart.o(.text)
    USART_ClearITPendingBit                  0x08008da1   Thumb Code    52  stm32f10x_usart.o(.text)
    EXTI_DeInit                              0x08008dd5   Thumb Code    28  stm32f10x_exti.o(.text)
    EXTI_Init                                0x08008df1   Thumb Code   142  stm32f10x_exti.o(.text)
    EXTI_StructInit                          0x08008e7f   Thumb Code    16  stm32f10x_exti.o(.text)
    EXTI_GenerateSWInterrupt                 0x08008e8f   Thumb Code    16  stm32f10x_exti.o(.text)
    EXTI_GetFlagStatus                       0x08008e9f   Thumb Code    22  stm32f10x_exti.o(.text)
    EXTI_ClearFlag                           0x08008eb5   Thumb Code     8  stm32f10x_exti.o(.text)
    EXTI_GetITStatus                         0x08008ebd   Thumb Code    34  stm32f10x_exti.o(.text)
    EXTI_ClearITPendingBit                   0x08008edf   Thumb Code     8  stm32f10x_exti.o(.text)
    TIM_DeInit                               0x08008ef1   Thumb Code   424  stm32f10x_tim.o(.text)
    TIM_TimeBaseInit                         0x08009099   Thumb Code   122  stm32f10x_tim.o(.text)
    TIM_OC1Init                              0x08009113   Thumb Code   132  stm32f10x_tim.o(.text)
    TIM_OC2Init                              0x08009197   Thumb Code   154  stm32f10x_tim.o(.text)
    TIM_OC3Init                              0x08009231   Thumb Code   150  stm32f10x_tim.o(.text)
    TIM_OC4Init                              0x080092c7   Thumb Code   182  stm32f10x_tim.o(.text)
    TIM_SetIC4Prescaler                      0x0800937d   Thumb Code    26  stm32f10x_tim.o(.text)
    TIM_SetIC3Prescaler                      0x08009419   Thumb Code    18  stm32f10x_tim.o(.text)
    TIM_SetIC2Prescaler                      0x080094a5   Thumb Code    26  stm32f10x_tim.o(.text)
    TIM_SetIC1Prescaler                      0x08009541   Thumb Code    18  stm32f10x_tim.o(.text)
    TIM_ICInit                               0x080095bf   Thumb Code   150  stm32f10x_tim.o(.text)
    TIM_PWMIConfig                           0x08009655   Thumb Code   124  stm32f10x_tim.o(.text)
    TIM_BDTRConfig                           0x080096d1   Thumb Code    32  stm32f10x_tim.o(.text)
    TIM_TimeBaseStructInit                   0x080096f1   Thumb Code    18  stm32f10x_tim.o(.text)
    TIM_OCStructInit                         0x08009703   Thumb Code    20  stm32f10x_tim.o(.text)
    TIM_ICStructInit                         0x08009717   Thumb Code    18  stm32f10x_tim.o(.text)
    TIM_BDTRStructInit                       0x08009729   Thumb Code    40  stm32f10x_tim.o(.text)
    TIM_Cmd                                  0x08009751   Thumb Code    24  stm32f10x_tim.o(.text)
    TIM_CtrlPWMOutputs                       0x08009769   Thumb Code    30  stm32f10x_tim.o(.text)
    TIM_ITConfig                             0x08009787   Thumb Code    18  stm32f10x_tim.o(.text)
    TIM_GenerateEvent                        0x08009799   Thumb Code     4  stm32f10x_tim.o(.text)
    TIM_DMAConfig                            0x0800979d   Thumb Code    10  stm32f10x_tim.o(.text)
    TIM_DMACmd                               0x080097a7   Thumb Code    18  stm32f10x_tim.o(.text)
    TIM_InternalClockConfig                  0x080097b9   Thumb Code    12  stm32f10x_tim.o(.text)
    TIM_SelectInputTrigger                   0x080097c5   Thumb Code    18  stm32f10x_tim.o(.text)
    TIM_ITRxExternalClockConfig              0x080097d7   Thumb Code    24  stm32f10x_tim.o(.text)
    TIM_TIxExternalClockConfig               0x080097ef   Thumb Code    62  stm32f10x_tim.o(.text)
    TIM_ETRConfig                            0x0800982d   Thumb Code    28  stm32f10x_tim.o(.text)
    TIM_ETRClockMode1Config                  0x08009849   Thumb Code    54  stm32f10x_tim.o(.text)
    TIM_ETRClockMode2Config                  0x0800987f   Thumb Code    32  stm32f10x_tim.o(.text)
    TIM_PrescalerConfig                      0x0800989f   Thumb Code     6  stm32f10x_tim.o(.text)
    TIM_CounterModeConfig                    0x080098a5   Thumb Code    18  stm32f10x_tim.o(.text)
    TIM_EncoderInterfaceConfig               0x080098b7   Thumb Code    66  stm32f10x_tim.o(.text)
    TIM_ForcedOC1Config                      0x080098f9   Thumb Code    18  stm32f10x_tim.o(.text)
    TIM_ForcedOC2Config                      0x0800990b   Thumb Code    26  stm32f10x_tim.o(.text)
    TIM_ForcedOC3Config                      0x08009925   Thumb Code    18  stm32f10x_tim.o(.text)
    TIM_ForcedOC4Config                      0x08009937   Thumb Code    26  stm32f10x_tim.o(.text)
    TIM_ARRPreloadConfig                     0x08009951   Thumb Code    24  stm32f10x_tim.o(.text)
    TIM_SelectCOM                            0x08009969   Thumb Code    24  stm32f10x_tim.o(.text)
    TIM_SelectCCDMA                          0x08009981   Thumb Code    24  stm32f10x_tim.o(.text)
    TIM_CCPreloadControl                     0x08009999   Thumb Code    24  stm32f10x_tim.o(.text)
    TIM_OC1PreloadConfig                     0x080099b1   Thumb Code    18  stm32f10x_tim.o(.text)
    TIM_OC2PreloadConfig                     0x080099c3   Thumb Code    26  stm32f10x_tim.o(.text)
    TIM_OC3PreloadConfig                     0x080099dd   Thumb Code    18  stm32f10x_tim.o(.text)
    TIM_OC4PreloadConfig                     0x080099ef   Thumb Code    26  stm32f10x_tim.o(.text)
    TIM_OC1FastConfig                        0x08009a09   Thumb Code    18  stm32f10x_tim.o(.text)
    TIM_OC2FastConfig                        0x08009a1b   Thumb Code    26  stm32f10x_tim.o(.text)
    TIM_OC3FastConfig                        0x08009a35   Thumb Code    18  stm32f10x_tim.o(.text)
    TIM_OC4FastConfig                        0x08009a47   Thumb Code    26  stm32f10x_tim.o(.text)
    TIM_ClearOC1Ref                          0x08009a61   Thumb Code    18  stm32f10x_tim.o(.text)
    TIM_ClearOC2Ref                          0x08009a73   Thumb Code    24  stm32f10x_tim.o(.text)
    TIM_ClearOC3Ref                          0x08009a8b   Thumb Code    18  stm32f10x_tim.o(.text)
    TIM_ClearOC4Ref                          0x08009a9d   Thumb Code    24  stm32f10x_tim.o(.text)
    TIM_OC1PolarityConfig                    0x08009ab5   Thumb Code    18  stm32f10x_tim.o(.text)
    TIM_OC1NPolarityConfig                   0x08009ac7   Thumb Code    18  stm32f10x_tim.o(.text)
    TIM_OC2PolarityConfig                    0x08009ad9   Thumb Code    26  stm32f10x_tim.o(.text)
    TIM_OC2NPolarityConfig                   0x08009af3   Thumb Code    26  stm32f10x_tim.o(.text)
    TIM_OC3PolarityConfig                    0x08009b0d   Thumb Code    26  stm32f10x_tim.o(.text)
    TIM_OC3NPolarityConfig                   0x08009b27   Thumb Code    26  stm32f10x_tim.o(.text)
    TIM_OC4PolarityConfig                    0x08009b41   Thumb Code    26  stm32f10x_tim.o(.text)
    TIM_CCxCmd                               0x08009b5b   Thumb Code    30  stm32f10x_tim.o(.text)
    TIM_CCxNCmd                              0x08009b79   Thumb Code    30  stm32f10x_tim.o(.text)
    TIM_SelectOCxM                           0x08009b97   Thumb Code    82  stm32f10x_tim.o(.text)
    TIM_UpdateDisableConfig                  0x08009be9   Thumb Code    24  stm32f10x_tim.o(.text)
    TIM_UpdateRequestConfig                  0x08009c01   Thumb Code    24  stm32f10x_tim.o(.text)
    TIM_SelectHallSensor                     0x08009c19   Thumb Code    24  stm32f10x_tim.o(.text)
    TIM_SelectOnePulseMode                   0x08009c31   Thumb Code    18  stm32f10x_tim.o(.text)
    TIM_SelectOutputTrigger                  0x08009c43   Thumb Code    18  stm32f10x_tim.o(.text)
    TIM_SelectSlaveMode                      0x08009c55   Thumb Code    18  stm32f10x_tim.o(.text)
    TIM_SelectMasterSlaveMode                0x08009c67   Thumb Code    18  stm32f10x_tim.o(.text)
    TIM_SetCounter                           0x08009c79   Thumb Code     4  stm32f10x_tim.o(.text)
    TIM_SetAutoreload                        0x08009c7d   Thumb Code     4  stm32f10x_tim.o(.text)
    TIM_SetCompare1                          0x08009c81   Thumb Code     4  stm32f10x_tim.o(.text)
    TIM_SetCompare2                          0x08009c85   Thumb Code     4  stm32f10x_tim.o(.text)
    TIM_SetCompare3                          0x08009c89   Thumb Code     4  stm32f10x_tim.o(.text)
    TIM_SetCompare4                          0x08009c8d   Thumb Code     6  stm32f10x_tim.o(.text)
    TIM_SetClockDivision                     0x08009c93   Thumb Code    18  stm32f10x_tim.o(.text)
    TIM_GetCapture1                          0x08009ca5   Thumb Code     6  stm32f10x_tim.o(.text)
    TIM_GetCapture2                          0x08009cab   Thumb Code     6  stm32f10x_tim.o(.text)
    TIM_GetCapture3                          0x08009cb1   Thumb Code     6  stm32f10x_tim.o(.text)
    TIM_GetCapture4                          0x08009cb7   Thumb Code     8  stm32f10x_tim.o(.text)
    TIM_GetCounter                           0x08009cbf   Thumb Code     6  stm32f10x_tim.o(.text)
    TIM_GetPrescaler                         0x08009cc5   Thumb Code     6  stm32f10x_tim.o(.text)
    TIM_GetFlagStatus                        0x08009ccb   Thumb Code    18  stm32f10x_tim.o(.text)
    TIM_ClearFlag                            0x08009cdd   Thumb Code     6  stm32f10x_tim.o(.text)
    TIM_GetITStatus                          0x08009ce3   Thumb Code    34  stm32f10x_tim.o(.text)
    TIM_ClearITPendingBit                    0x08009d05   Thumb Code     6  stm32f10x_tim.o(.text)
    IWDG_WriteAccessCmd                      0x08009d0d   Thumb Code     6  stm32f10x_iwdg.o(.text)
    IWDG_SetPrescaler                        0x08009d13   Thumb Code     6  stm32f10x_iwdg.o(.text)
    IWDG_SetReload                           0x08009d19   Thumb Code     6  stm32f10x_iwdg.o(.text)
    IWDG_ReloadCounter                       0x08009d1f   Thumb Code    10  stm32f10x_iwdg.o(.text)
    IWDG_Enable                              0x08009d29   Thumb Code    10  stm32f10x_iwdg.o(.text)
    IWDG_GetFlagStatus                       0x08009d33   Thumb Code    20  stm32f10x_iwdg.o(.text)
    PWR_DeInit                               0x08009d4d   Thumb Code    22  stm32f10x_pwr.o(.text)
    PWR_BackupAccessCmd                      0x08009d63   Thumb Code     6  stm32f10x_pwr.o(.text)
    PWR_PVDCmd                               0x08009d69   Thumb Code     6  stm32f10x_pwr.o(.text)
    PWR_PVDLevelConfig                       0x08009d6f   Thumb Code    18  stm32f10x_pwr.o(.text)
    PWR_WakeUpPinCmd                         0x08009d81   Thumb Code     8  stm32f10x_pwr.o(.text)
    PWR_EnterSTOPMode                        0x08009d89   Thumb Code    54  stm32f10x_pwr.o(.text)
    PWR_EnterSTANDBYMode                     0x08009dbf   Thumb Code    42  stm32f10x_pwr.o(.text)
    PWR_GetFlagStatus                        0x08009de9   Thumb Code    20  stm32f10x_pwr.o(.text)
    PWR_ClearFlag                            0x08009dfd   Thumb Code    14  stm32f10x_pwr.o(.text)
    FSMC_NORSRAMDeInit                       0x08009e19   Thumb Code    54  stm32f10x_fsmc.o(.text)
    FSMC_NANDDeInit                          0x08009e4f   Thumb Code    62  stm32f10x_fsmc.o(.text)
    FSMC_PCCARDDeInit                        0x08009e8d   Thumb Code    36  stm32f10x_fsmc.o(.text)
    FSMC_NORSRAMInit                         0x08009eb1   Thumb Code   230  stm32f10x_fsmc.o(.text)
    FSMC_NANDInit                            0x08009f97   Thumb Code   132  stm32f10x_fsmc.o(.text)
    FSMC_PCCARDInit                          0x0800a01b   Thumb Code   130  stm32f10x_fsmc.o(.text)
    FSMC_NORSRAMStructInit                   0x0800a09d   Thumb Code   114  stm32f10x_fsmc.o(.text)
    FSMC_NANDStructInit                      0x0800a10f   Thumb Code    54  stm32f10x_fsmc.o(.text)
    FSMC_PCCARDStructInit                    0x0800a145   Thumb Code    60  stm32f10x_fsmc.o(.text)
    FSMC_NORSRAMCmd                          0x0800a181   Thumb Code    46  stm32f10x_fsmc.o(.text)
    FSMC_NANDCmd                             0x0800a1af   Thumb Code    86  stm32f10x_fsmc.o(.text)
    FSMC_PCCARDCmd                           0x0800a205   Thumb Code    44  stm32f10x_fsmc.o(.text)
    FSMC_NANDECCCmd                          0x0800a231   Thumb Code    90  stm32f10x_fsmc.o(.text)
    FSMC_GetECC                              0x0800a28b   Thumb Code    24  stm32f10x_fsmc.o(.text)
    FSMC_ITConfig                            0x0800a2a3   Thumb Code   128  stm32f10x_fsmc.o(.text)
    FSMC_GetFlagStatus                       0x0800a323   Thumb Code    54  stm32f10x_fsmc.o(.text)
    FSMC_ClearFlag                           0x0800a359   Thumb Code    62  stm32f10x_fsmc.o(.text)
    FSMC_GetITStatus                         0x0800a397   Thumb Code    64  stm32f10x_fsmc.o(.text)
    FSMC_ClearITPendingBit                   0x0800a3d7   Thumb Code    68  stm32f10x_fsmc.o(.text)
    SystemInit                               0x0800a503   Thumb Code    78  system_stm32f10x.o(.text)
    SystemCoreClockUpdate                    0x0800a551   Thumb Code   142  system_stm32f10x.o(.text)
    Reset_Handler                            0x0800a605   Thumb Code     8  startup_stm32f10x_hd.o(.text)
    PendSV_Handler                           0x0800a61b   Thumb Code     2  startup_stm32f10x_hd.o(.text)
    SysTick_Handler                          0x0800a61d   Thumb Code     2  startup_stm32f10x_hd.o(.text)
    ADC1_2_IRQHandler                        0x0800a61f   Thumb Code     0  startup_stm32f10x_hd.o(.text)
    ADC3_IRQHandler                          0x0800a61f   Thumb Code     0  startup_stm32f10x_hd.o(.text)
    CAN1_RX1_IRQHandler                      0x0800a61f   Thumb Code     0  startup_stm32f10x_hd.o(.text)
    CAN1_SCE_IRQHandler                      0x0800a61f   Thumb Code     0  startup_stm32f10x_hd.o(.text)
    DMA1_Channel1_IRQHandler                 0x0800a61f   Thumb Code     0  startup_stm32f10x_hd.o(.text)
    DMA1_Channel2_IRQHandler                 0x0800a61f   Thumb Code     0  startup_stm32f10x_hd.o(.text)
    DMA1_Channel3_IRQHandler                 0x0800a61f   Thumb Code     0  startup_stm32f10x_hd.o(.text)
    DMA1_Channel4_IRQHandler                 0x0800a61f   Thumb Code     0  startup_stm32f10x_hd.o(.text)
    DMA1_Channel5_IRQHandler                 0x0800a61f   Thumb Code     0  startup_stm32f10x_hd.o(.text)
    DMA1_Channel6_IRQHandler                 0x0800a61f   Thumb Code     0  startup_stm32f10x_hd.o(.text)
    DMA1_Channel7_IRQHandler                 0x0800a61f   Thumb Code     0  startup_stm32f10x_hd.o(.text)
    DMA2_Channel1_IRQHandler                 0x0800a61f   Thumb Code     0  startup_stm32f10x_hd.o(.text)
    DMA2_Channel2_IRQHandler                 0x0800a61f   Thumb Code     0  startup_stm32f10x_hd.o(.text)
    DMA2_Channel3_IRQHandler                 0x0800a61f   Thumb Code     0  startup_stm32f10x_hd.o(.text)
    DMA2_Channel4_5_IRQHandler               0x0800a61f   Thumb Code     0  startup_stm32f10x_hd.o(.text)
    EXTI0_IRQHandler                         0x0800a61f   Thumb Code     0  startup_stm32f10x_hd.o(.text)
    EXTI15_10_IRQHandler                     0x0800a61f   Thumb Code     0  startup_stm32f10x_hd.o(.text)
    EXTI1_IRQHandler                         0x0800a61f   Thumb Code     0  startup_stm32f10x_hd.o(.text)
    EXTI2_IRQHandler                         0x0800a61f   Thumb Code     0  startup_stm32f10x_hd.o(.text)
    EXTI4_IRQHandler                         0x0800a61f   Thumb Code     0  startup_stm32f10x_hd.o(.text)
    FLASH_IRQHandler                         0x0800a61f   Thumb Code     0  startup_stm32f10x_hd.o(.text)
    FSMC_IRQHandler                          0x0800a61f   Thumb Code     0  startup_stm32f10x_hd.o(.text)
    I2C1_ER_IRQHandler                       0x0800a61f   Thumb Code     0  startup_stm32f10x_hd.o(.text)
    I2C1_EV_IRQHandler                       0x0800a61f   Thumb Code     0  startup_stm32f10x_hd.o(.text)
    I2C2_ER_IRQHandler                       0x0800a61f   Thumb Code     0  startup_stm32f10x_hd.o(.text)
    I2C2_EV_IRQHandler                       0x0800a61f   Thumb Code     0  startup_stm32f10x_hd.o(.text)
    PVD_IRQHandler                           0x0800a61f   Thumb Code     0  startup_stm32f10x_hd.o(.text)
    RCC_IRQHandler                           0x0800a61f   Thumb Code     0  startup_stm32f10x_hd.o(.text)
    RTCAlarm_IRQHandler                      0x0800a61f   Thumb Code     0  startup_stm32f10x_hd.o(.text)
    RTC_IRQHandler                           0x0800a61f   Thumb Code     0  startup_stm32f10x_hd.o(.text)
    SDIO_IRQHandler                          0x0800a61f   Thumb Code     0  startup_stm32f10x_hd.o(.text)
    SPI1_IRQHandler                          0x0800a61f   Thumb Code     0  startup_stm32f10x_hd.o(.text)
    SPI2_IRQHandler                          0x0800a61f   Thumb Code     0  startup_stm32f10x_hd.o(.text)
    SPI3_IRQHandler                          0x0800a61f   Thumb Code     0  startup_stm32f10x_hd.o(.text)
    TAMPER_IRQHandler                        0x0800a61f   Thumb Code     0  startup_stm32f10x_hd.o(.text)
    TIM1_BRK_IRQHandler                      0x0800a61f   Thumb Code     0  startup_stm32f10x_hd.o(.text)
    TIM1_CC_IRQHandler                       0x0800a61f   Thumb Code     0  startup_stm32f10x_hd.o(.text)
    TIM1_TRG_COM_IRQHandler                  0x0800a61f   Thumb Code     0  startup_stm32f10x_hd.o(.text)
    TIM1_UP_IRQHandler                       0x0800a61f   Thumb Code     0  startup_stm32f10x_hd.o(.text)
    TIM2_IRQHandler                          0x0800a61f   Thumb Code     0  startup_stm32f10x_hd.o(.text)
    TIM3_IRQHandler                          0x0800a61f   Thumb Code     0  startup_stm32f10x_hd.o(.text)
    TIM5_IRQHandler                          0x0800a61f   Thumb Code     0  startup_stm32f10x_hd.o(.text)
    TIM6_IRQHandler                          0x0800a61f   Thumb Code     0  startup_stm32f10x_hd.o(.text)
    TIM7_IRQHandler                          0x0800a61f   Thumb Code     0  startup_stm32f10x_hd.o(.text)
    TIM8_BRK_IRQHandler                      0x0800a61f   Thumb Code     0  startup_stm32f10x_hd.o(.text)
    TIM8_CC_IRQHandler                       0x0800a61f   Thumb Code     0  startup_stm32f10x_hd.o(.text)
    TIM8_TRG_COM_IRQHandler                  0x0800a61f   Thumb Code     0  startup_stm32f10x_hd.o(.text)
    TIM8_UP_IRQHandler                       0x0800a61f   Thumb Code     0  startup_stm32f10x_hd.o(.text)
    UART4_IRQHandler                         0x0800a61f   Thumb Code     0  startup_stm32f10x_hd.o(.text)
    UART5_IRQHandler                         0x0800a61f   Thumb Code     0  startup_stm32f10x_hd.o(.text)
    USBWakeUp_IRQHandler                     0x0800a61f   Thumb Code     0  startup_stm32f10x_hd.o(.text)
    USB_HP_CAN1_TX_IRQHandler                0x0800a61f   Thumb Code     0  startup_stm32f10x_hd.o(.text)
    USB_LP_CAN1_RX0_IRQHandler               0x0800a61f   Thumb Code     0  startup_stm32f10x_hd.o(.text)
    WWDG_IRQHandler                          0x0800a61f   Thumb Code     0  startup_stm32f10x_hd.o(.text)
    ____aeabi_memcpy4$ret$move               0x0800a629   Thumb Code     0  memmove.o(.text)
    ____aeabi_memcpy8$ret$move               0x0800a629   Thumb Code     0  memmove.o(.text)
    ___aeabi_memmove4$ret                    0x0800a629   Thumb Code     0  memmove.o(.text)
    ___aeabi_memmove8$ret                    0x0800a629   Thumb Code     0  memmove.o(.text)
    __aeabi_memcpy                           0x0800a629   Thumb Code    66  memmove.o(.text)
    __aeabi_memmove                          0x0800a629   Thumb Code     0  memmove.o(.text)
    memcpy                                   0x0800a629   Thumb Code     0  memmove.o(.text)
    memmove                                  0x0800a629   Thumb Code     0  memmove.o(.text)
    __aeabi_memset                           0x0800a66b   Thumb Code    14  memseta.o(.text)
    __aeabi_memset4                          0x0800a66b   Thumb Code     0  memseta.o(.text)
    __aeabi_memset8                          0x0800a66b   Thumb Code     0  memseta.o(.text)
    __aeabi_memclr                           0x0800a679   Thumb Code     4  memseta.o(.text)
    __aeabi_memclr4                          0x0800a679   Thumb Code     0  memseta.o(.text)
    __aeabi_memclr8                          0x0800a679   Thumb Code     0  memseta.o(.text)
    _memset$wrapper                          0x0800a67d   Thumb Code    18  memseta.o(.text)
    strstr                                   0x0800a68f   Thumb Code    36  strstr.o(.text)
    strlen                                   0x0800a6b3   Thumb Code    14  strlen.o(.text)
    __aeabi_fdiv                             0x0800a6c1   Thumb Code   124  fdiv.o(.text)
    __aeabi_dadd                             0x0800a73d   Thumb Code   322  dadd.o(.text)
    __aeabi_dsub                             0x0800a87f   Thumb Code     6  dadd.o(.text)
    __aeabi_drsub                            0x0800a885   Thumb Code     6  dadd.o(.text)
    __aeabi_dmul                             0x0800a88b   Thumb Code   228  dmul.o(.text)
    __aeabi_ddiv                             0x0800a96f   Thumb Code   222  ddiv.o(.text)
    __aeabi_i2f                              0x0800aa4d   Thumb Code    18  fflti.o(.text)
    __aeabi_i2d                              0x0800aa5f   Thumb Code    34  dflti.o(.text)
    __aeabi_ui2d                             0x0800aa81   Thumb Code    26  dfltui.o(.text)
    __aeabi_f2iz                             0x0800aa9b   Thumb Code    50  ffixi.o(.text)
    __aeabi_d2uiz                            0x0800aacd   Thumb Code    50  dfixui.o(.text)
    __aeabi_uidiv                            0x0800aaff   Thumb Code     0  uidiv.o(.text)
    __aeabi_uidivmod                         0x0800aaff   Thumb Code    44  uidiv.o(.text)
    __aeabi_uldivmod                         0x0800ab2b   Thumb Code    98  uldiv.o(.text)
    __aeabi_llsl                             0x0800ab8d   Thumb Code    30  llshl.o(.text)
    _ll_shift_l                              0x0800ab8d   Thumb Code     0  llshl.o(.text)
    __aeabi_llsr                             0x0800abab   Thumb Code    32  llushr.o(.text)
    _ll_ushift_r                             0x0800abab   Thumb Code     0  llushr.o(.text)
    __aeabi_lasr                             0x0800abcb   Thumb Code    36  llsshr.o(.text)
    _ll_sshift_r                             0x0800abcb   Thumb Code     0  llsshr.o(.text)
    __strtod_int                             0x0800ac27   Thumb Code    88  strtod.o(.text)
    __I$use$fp                               0x0800ac8d   Thumb Code     0  iusefp.o(.text)
    _float_round                             0x0800ac8d   Thumb Code    18  fepilogue.o(.text)
    _float_epilogue                          0x0800ac9f   Thumb Code    92  fepilogue.o(.text)
    _double_round                            0x0800acfb   Thumb Code    30  depilogue.o(.text)
    _double_epilogue                         0x0800ad19   Thumb Code   156  depilogue.o(.text)
    __aeabi_d2ulz                            0x0800adb5   Thumb Code    48  dfixul.o(.text)
    __aeabi_cdrcmple                         0x0800ade5   Thumb Code    48  cdrcmple.o(.text)
    __scatterload                            0x0800ae15   Thumb Code    28  init.o(.text)
    __scatterload_rt2                        0x0800ae15   Thumb Code     0  init.o(.text)
    isspace                                  0x0800ae39   Thumb Code    10  isspace_c.o(.text)
    _scanf_real                              0x0800af45   Thumb Code     0  scanf_fp.o(.text)
    _scanf_really_real                       0x0800af45   Thumb Code   556  scanf_fp.o(.text)
    _sgetc                                   0x0800b17d   Thumb Code    30  _sgetc.o(.text)
    _sbackspace                              0x0800b19b   Thumb Code    34  _sgetc.o(.text)
    __ctype_lookup                           0x0800b1bd   Thumb Code    34  ctype_c.o(.text)
    __aeabi_ul2d                             0x0800b1e5   Thumb Code    24  dfltul.o(.text)
    __aeabi_d2f                              0x0800b1fd   Thumb Code    56  d2f.o(.text)
    __decompress                             0x0800b235   Thumb Code     0  __dczerorl2.o(.text)
    __decompress1                            0x0800b235   Thumb Code    86  __dczerorl2.o(.text)
    __0printf                                0x0800b28d   Thumb Code    22  printfa.o(i.__0printf)
    __1printf                                0x0800b28d   Thumb Code     0  printfa.o(i.__0printf)
    __2printf                                0x0800b28d   Thumb Code     0  printfa.o(i.__0printf)
    __c89printf                              0x0800b28d   Thumb Code     0  printfa.o(i.__0printf)
    printf                                   0x0800b28d   Thumb Code     0  printfa.o(i.__0printf)
    __0sprintf                               0x0800b2ad   Thumb Code    34  printfa.o(i.__0sprintf)
    __1sprintf                               0x0800b2ad   Thumb Code     0  printfa.o(i.__0sprintf)
    __2sprintf                               0x0800b2ad   Thumb Code     0  printfa.o(i.__0sprintf)
    __c89sprintf                             0x0800b2ad   Thumb Code     0  printfa.o(i.__0sprintf)
    sprintf                                  0x0800b2ad   Thumb Code     0  printfa.o(i.__0sprintf)
    __read_errno                             0x0800b2d5   Thumb Code     6  errno.o(i.__read_errno)
    __scatterload_copy                       0x0800b2e1   Thumb Code    14  handlers.o(i.__scatterload_copy)
    __scatterload_null                       0x0800b2ef   Thumb Code     2  handlers.o(i.__scatterload_null)
    __scatterload_zeroinit                   0x0800b2f1   Thumb Code    14  handlers.o(i.__scatterload_zeroinit)
    __set_errno                              0x0800b301   Thumb Code     6  errno.o(i.__set_errno)
    _is_digit                                0x0800b471   Thumb Code    14  scanf_fp.o(i._is_digit)
    atof                                     0x0800bbb9   Thumb Code    42  atof.o(i.atof)
    codetest                                 0x0800bbe2   Data          45  user.o(.constdata)
    Gcu8_AuchCRCHi                           0x0800bc0f   Data         256  tools.o(.constdata)
    Gcu8_AuchCRCLo                           0x0800bd0f   Data         256  tools.o(.constdata)
    asc2_1206                                0x0800be0f   Data        1140  lcd.o(.constdata)
    asc2_1608                                0x0800c283   Data        1520  lcd.o(.constdata)
    asc2_2412                                0x0800c873   Data        3420  lcd.o(.constdata)
    QR_VersonInfo                            0x0800d5d0   Data        3034  qr_encode.o(.constdata)
    byExpToInt                               0x0800e1aa   Data         256  qr_encode.o(.constdata)
    byIntToExp                               0x0800e2aa   Data         256  qr_encode.o(.constdata)
    byRSExp7                                 0x0800e3aa   Data           7  qr_encode.o(.constdata)
    byRSExp10                                0x0800e3b1   Data          10  qr_encode.o(.constdata)
    byRSExp13                                0x0800e3bb   Data          13  qr_encode.o(.constdata)
    byRSExp15                                0x0800e3c8   Data          15  qr_encode.o(.constdata)
    byRSExp16                                0x0800e3d7   Data          16  qr_encode.o(.constdata)
    byRSExp17                                0x0800e3e7   Data          17  qr_encode.o(.constdata)
    byRSExp18                                0x0800e3f8   Data          18  qr_encode.o(.constdata)
    byRSExp20                                0x0800e40a   Data          20  qr_encode.o(.constdata)
    byRSExp22                                0x0800e41e   Data          22  qr_encode.o(.constdata)
    byRSExp24                                0x0800e434   Data          24  qr_encode.o(.constdata)
    byRSExp26                                0x0800e44c   Data          26  qr_encode.o(.constdata)
    byRSExp28                                0x0800e466   Data          28  qr_encode.o(.constdata)
    byRSExp30                                0x0800e482   Data          30  qr_encode.o(.constdata)
    byRSExp32                                0x0800e4a0   Data          32  qr_encode.o(.constdata)
    byRSExp34                                0x0800e4c0   Data          34  qr_encode.o(.constdata)
    byRSExp36                                0x0800e4e2   Data          36  qr_encode.o(.constdata)
    byRSExp38                                0x0800e506   Data          38  qr_encode.o(.constdata)
    byRSExp40                                0x0800e52c   Data          40  qr_encode.o(.constdata)
    byRSExp42                                0x0800e554   Data          42  qr_encode.o(.constdata)
    byRSExp44                                0x0800e57e   Data          44  qr_encode.o(.constdata)
    byRSExp46                                0x0800e5aa   Data          46  qr_encode.o(.constdata)
    byRSExp48                                0x0800e5d8   Data          48  qr_encode.o(.constdata)
    byRSExp50                                0x0800e608   Data          50  qr_encode.o(.constdata)
    byRSExp52                                0x0800e63a   Data          52  qr_encode.o(.constdata)
    byRSExp54                                0x0800e66e   Data          54  qr_encode.o(.constdata)
    byRSExp56                                0x0800e6a4   Data          56  qr_encode.o(.constdata)
    byRSExp58                                0x0800e6dc   Data          58  qr_encode.o(.constdata)
    byRSExp60                                0x0800e716   Data          60  qr_encode.o(.constdata)
    byRSExp62                                0x0800e752   Data          62  qr_encode.o(.constdata)
    byRSExp64                                0x0800e790   Data          64  qr_encode.o(.constdata)
    byRSExp66                                0x0800e7d0   Data          66  qr_encode.o(.constdata)
    byRSExp68                                0x0800e812   Data          68  qr_encode.o(.constdata)
    nIndicatorLenNumeral                     0x0800e856   Data           3  qr_encode.o(.constdata)
    nIndicatorLenAlphabet                    0x0800e859   Data           3  qr_encode.o(.constdata)
    nIndicatorLen8Bit                        0x0800e85c   Data           3  qr_encode.o(.constdata)
    nIndicatorLenKanji                       0x0800e85f   Data           3  qr_encode.o(.constdata)
    __ctype_categories                       0x0800e862   Data          64  ctype_c.o(.constdata)
    Region$$Table$$Base                      0x0800e8a4   Number         0  anon$$obj.o(Region$$Table)
    Region$$Table$$Limit                     0x0800e8c4   Number         0  anon$$obj.o(Region$$Table)
    verison                                  0x20000008   Data           4  user.o(.data)
    DS0_TimeCnt                              0x2000000c   Data           2  user.o(.data)
    keyPadRowScan                            0x2000000e   Data           1  user.o(.data)
    keyPadCnt                                0x20000010   Data           2  user.o(.data)
    keyTouch                                 0x20000012   Data           1  user.o(.data)
    getWeightService                         0x20000013   Data           1  user.o(.data)
    getWeightCnt                             0x20000014   Data           1  user.o(.data)
    unitPrice                                0x20000015   Data           8  user.o(.data)
    totalMoney                               0x2000001d   Data           8  user.o(.data)
    tradeLock                                0x20000025   Data           1  user.o(.data)
    ledFlickFlag                             0x20000026   Data           1  user.o(.data)
    gprsService                              0x20000027   Data           1  user.o(.data)
    heartbeat                                0x20000028   Data           2  user.o(.data)
    cunnectFlag                              0x2000002a   Data           1  user.o(.data)
    heartbeatService                         0x2000002b   Data           1  user.o(.data)
    POINT_COLOR                              0x20000034   Data           2  lcd.o(.data)
    BACK_COLOR                               0x20000036   Data           2  lcd.o(.data)
    HX711_Buffer                             0x20000038   Data           4  hx711.o(.data)
    Weight_Maopi                             0x2000003c   Data           4  hx711.o(.data)
    Weight_Shiwu                             0x20000040   Data           4  hx711.o(.data)
    Flag_Error                               0x20000044   Data           1  hx711.o(.data)
    overTimeCnt                              0x20000046   Data           2  sim900a.o(.data)
    recvDataCnt                              0x20000048   Data           1  sim900a.o(.data)
    GPRS_ServerIp                            0x20000049   Data          16  sim900a.o(.data)
    GPRS_ServerPort                          0x20000059   Data           5  sim900a.o(.data)
    byRSExp                                  0x20000060   Data         276  qr_encode.o(.data)
    m_nSymbleSize                            0x20000174   Data           4  qr_encode.o(.data)
    m_ncDataCodeWordBit                      0x20000178   Data           4  qr_encode.o(.data)
    m_ncDataBlock                            0x2000017c   Data           4  qr_encode.o(.data)
    m_ncAllCodeWord                          0x20000180   Data           4  qr_encode.o(.data)
    m_nLevel                                 0x20000184   Data           4  qr_encode.o(.data)
    m_nVersion                               0x20000188   Data           4  qr_encode.o(.data)
    m_bAutoExtent                            0x2000018c   Data           1  qr_encode.o(.data)
    m_nMaskingNo                             0x20000190   Data           4  qr_encode.o(.data)
    SystemCoreClock                          0x200001b4   Data           4  system_stm32f10x.o(.data)
    AHBPrescTable                            0x200001b8   Data          16  system_stm32f10x.o(.data)
    __stdout                                 0x200001cc   Data           4  stdout.o(.data)
    weightStr                                0x200001d0   Data          10  user.o(.bss)
    totalWeight                              0x200001da   Data          20  user.o(.bss)
    gprsSendBuff                             0x200001ee   Data          50  user.o(.bss)
    lcddev                                   0x20000220   Data          14  lcd.o(.bss)
    GSM_recvBuff                             0x2000022e   Data         253  sim900a.o(.bss)
    m_byModuleData                           0x2000032b   Data       31329  qr_encode.o(.bss)
    m_byDataCodeWord                         0x20007d8c   Data        2956  qr_encode.o(.bss)
    m_byBlockMode                            0x20008918   Data        2956  qr_encode.o(.bss)
    m_nBlockLength                           0x200094a4   Data        2956  qr_encode.o(.bss)
    m_byAllCodeWord                          0x2000a030   Data        3706  qr_encode.o(.bss)
    m_byRSWork                               0x2000aeaa   Data         153  qr_encode.o(.bss)
    __initial_sp                             0x2000b348   Data           0  startup_stm32f10x_hd.o(STACK)



==============================================================================

Memory Map of the image

  Image Entry point : 0x0800a605

  Load Region LR_1 (Base: 0x08000000, Size: 0x0000ea94, Max: 0xffffffff, ABSOLUTE, COMPRESSED[0x0000e970])

    Execution Region ER_RO (Base: 0x08000000, Size: 0x0000e8c4, Max: 0xffffffff, ABSOLUTE)

    Base Addr    Size         Type   Attr      Idx    E Section Name        Object

    0x08000000   0x00000130   Data   RO          677    RESET               startup_stm32f10x_hd.o
    0x08000130   0x00000000   Code   RO          686  * .ARM.Collect$$$$00000000  mc_w.l(entry.o)
    0x08000130   0x00000004   Code   RO         1027    .ARM.Collect$$$$00000001  mc_w.l(entry2.o)
    0x08000134   0x00000004   Code   RO         1030    .ARM.Collect$$$$00000004  mc_w.l(entry5.o)
    0x08000138   0x00000000   Code   RO         1032    .ARM.Collect$$$$00000008  mc_w.l(entry7b.o)
    0x08000138   0x00000000   Code   RO         1034    .ARM.Collect$$$$0000000A  mc_w.l(entry8b.o)
    0x08000138   0x00000008   Code   RO         1035    .ARM.Collect$$$$0000000B  mc_w.l(entry9a.o)
    0x08000140   0x00000000   Code   RO         1037    .ARM.Collect$$$$0000000D  mc_w.l(entry10a.o)
    0x08000140   0x00000000   Code   RO         1039    .ARM.Collect$$$$0000000F  mc_w.l(entry11a.o)
    0x08000140   0x00000004   Code   RO         1028    .ARM.Collect$$$$00002712  mc_w.l(entry2.o)
    0x08000144   0x00000018   Code   RO            1    .text               main.o
    0x0800015c   0x000001ac   Code   RO          122    .text               stm32f10x_it.o
    0x08000308   0x000000d4   Code   RO          142    .text               delay.o
    0x080003dc   0x00000b2c   Code   RO          156    .text               user.o
    0x08000f08   0x00000454   Code   RO          186    .text               peripheral.o
    0x0800135c   0x000001d4   Code   RO          198    .text               tools.o
    0x08001530   0x00004a5c   Code   RO          217    .text               lcd.o
    0x08005f8c   0x0000012c   Code   RO          250    .text               hx711.o
    0x080060b8   0x00000384   Code   RO          268    .text               sim900a.o
    0x0800643c   0x00001db4   Code   RO          363    .text               qr_encode.o
    0x080081f0   0x000000dc   Code   RO          476    .text               misc.o
    0x080082cc   0x0000035c   Code   RO          488    .text               stm32f10x_gpio.o
    0x08008628   0x000003a4   Code   RO          500    .text               stm32f10x_rcc.o
    0x080089cc   0x00000408   Code   RO          514    .text               stm32f10x_usart.o
    0x08008dd4   0x0000011c   Code   RO          526    .text               stm32f10x_exti.o
    0x08008ef0   0x00000e1a   Code   RO          538    .text               stm32f10x_tim.o
    0x08009d0a   0x00000002   PAD
    0x08009d0c   0x00000040   Code   RO          610    .text               stm32f10x_iwdg.o
    0x08009d4c   0x000000cc   Code   RO          622    .text               stm32f10x_pwr.o
    0x08009e18   0x0000060c   Code   RO          634    .text               stm32f10x_fsmc.o
    0x0800a424   0x000001e0   Code   RO          657    .text               system_stm32f10x.o
    0x0800a604   0x00000024   Code   RO          678  * .text               startup_stm32f10x_hd.o
    0x0800a628   0x00000042   Code   RO          693    .text               mc_w.l(memmove.o)
    0x0800a66a   0x00000024   Code   RO          697    .text               mc_w.l(memseta.o)
    0x0800a68e   0x00000024   Code   RO          699    .text               mc_w.l(strstr.o)
    0x0800a6b2   0x0000000e   Code   RO          701    .text               mc_w.l(strlen.o)
    0x0800a6c0   0x0000007c   Code   RO         1009    .text               mf_w.l(fdiv.o)
    0x0800a73c   0x0000014e   Code   RO         1011    .text               mf_w.l(dadd.o)
    0x0800a88a   0x000000e4   Code   RO         1013    .text               mf_w.l(dmul.o)
    0x0800a96e   0x000000de   Code   RO         1015    .text               mf_w.l(ddiv.o)
    0x0800aa4c   0x00000012   Code   RO         1017    .text               mf_w.l(fflti.o)
    0x0800aa5e   0x00000022   Code   RO         1019    .text               mf_w.l(dflti.o)
    0x0800aa80   0x0000001a   Code   RO         1021    .text               mf_w.l(dfltui.o)
    0x0800aa9a   0x00000032   Code   RO         1023    .text               mf_w.l(ffixi.o)
    0x0800aacc   0x00000032   Code   RO         1025    .text               mf_w.l(dfixui.o)
    0x0800aafe   0x0000002c   Code   RO         1042    .text               mc_w.l(uidiv.o)
    0x0800ab2a   0x00000062   Code   RO         1044    .text               mc_w.l(uldiv.o)
    0x0800ab8c   0x0000001e   Code   RO         1046    .text               mc_w.l(llshl.o)
    0x0800abaa   0x00000020   Code   RO         1048    .text               mc_w.l(llushr.o)
    0x0800abca   0x00000024   Code   RO         1050    .text               mc_w.l(llsshr.o)
    0x0800abee   0x00000002   PAD
    0x0800abf0   0x0000009c   Code   RO         1054    .text               mc_w.l(strtod.o)
    0x0800ac8c   0x00000000   Code   RO         1056    .text               mc_w.l(iusefp.o)
    0x0800ac8c   0x0000006e   Code   RO         1057    .text               mf_w.l(fepilogue.o)
    0x0800acfa   0x000000ba   Code   RO         1059    .text               mf_w.l(depilogue.o)
    0x0800adb4   0x00000030   Code   RO         1061    .text               mf_w.l(dfixul.o)
    0x0800ade4   0x00000030   Code   RO         1063    .text               mf_w.l(cdrcmple.o)
    0x0800ae14   0x00000024   Code   RO         1065    .text               mc_w.l(init.o)
    0x0800ae38   0x0000000a   Code   RO         1067    .text               mc_w.l(isspace_c.o)
    0x0800ae42   0x00000002   PAD
    0x0800ae44   0x00000338   Code   RO         1069    .text               mc_w.l(scanf_fp.o)
    0x0800b17c   0x00000040   Code   RO         1073    .text               mc_w.l(_sgetc.o)
    0x0800b1bc   0x00000028   Code   RO         1075    .text               mc_w.l(ctype_c.o)
    0x0800b1e4   0x00000018   Code   RO         1078    .text               mf_w.l(dfltul.o)
    0x0800b1fc   0x00000038   Code   RO         1080    .text               mf_w.l(d2f.o)
    0x0800b234   0x00000056   Code   RO         1090    .text               mc_w.l(__dczerorl2.o)
    0x0800b28a   0x00000002   PAD
    0x0800b28c   0x00000020   Code   RO          944    i.__0printf         mc_w.l(printfa.o)
    0x0800b2ac   0x00000028   Code   RO          946    i.__0sprintf        mc_w.l(printfa.o)
    0x0800b2d4   0x0000000c   Code   RO         1003    i.__read_errno      mc_w.l(errno.o)
    0x0800b2e0   0x0000000e   Code   RO         1084    i.__scatterload_copy  mc_w.l(handlers.o)
    0x0800b2ee   0x00000002   Code   RO         1085    i.__scatterload_null  mc_w.l(handlers.o)
    0x0800b2f0   0x0000000e   Code   RO         1086    i.__scatterload_zeroinit  mc_w.l(handlers.o)
    0x0800b2fe   0x00000002   PAD
    0x0800b300   0x0000000c   Code   RO         1004    i.__set_errno       mc_w.l(errno.o)
    0x0800b30c   0x00000164   Code   RO          951    i._fp_digits        mc_w.l(printfa.o)
    0x0800b470   0x0000000e   Code   RO         1071    i._is_digit         mc_w.l(scanf_fp.o)
    0x0800b47e   0x00000002   PAD
    0x0800b480   0x000006dc   Code   RO          952    i._printf_core      mc_w.l(printfa.o)
    0x0800bb5c   0x00000024   Code   RO          953    i._printf_post_padding  mc_w.l(printfa.o)
    0x0800bb80   0x0000002e   Code   RO          954    i._printf_pre_padding  mc_w.l(printfa.o)
    0x0800bbae   0x0000000a   Code   RO          956    i._sputc            mc_w.l(printfa.o)
    0x0800bbb8   0x0000002a   Code   RO          683    i.atof              m_ws.l(atof.o)
    0x0800bbe2   0x0000002d   Data   RO          158    .constdata          user.o
    0x0800bc0f   0x00000200   Data   RO          199    .constdata          tools.o
    0x0800be0f   0x000017c0   Data   RO          219    .constdata          lcd.o
    0x0800d5cf   0x00000001   PAD
    0x0800d5d0   0x00001292   Data   RO          365    .constdata          qr_encode.o
    0x0800e862   0x00000040   Data   RO         1076    .constdata          mc_w.l(ctype_c.o)
    0x0800e8a2   0x00000002   PAD
    0x0800e8a4   0x00000020   Data   RO         1082    Region$$Table       anon$$obj.o


    Execution Region ER_RW (Base: 0x20000000, Size: 0x000001d0, Max: 0xffffffff, ABSOLUTE, COMPRESSED[0x000000ac])

    Base Addr    Size         Type   Attr      Idx    E Section Name        Object

    0x20000000   0x00000001   Data   RW          123    .data               stm32f10x_it.o
    0x20000001   0x00000001   PAD
    0x20000002   0x00000004   Data   RW          143    .data               delay.o
    0x20000006   0x00000002   PAD
    0x20000008   0x0000002c   Data   RW          159    .data               user.o
    0x20000034   0x00000004   Data   RW          220    .data               lcd.o
    0x20000038   0x0000000d   Data   RW          251    .data               hx711.o
    0x20000045   0x00000001   PAD
    0x20000046   0x0000001a   Data   RW          270    .data               sim900a.o
    0x20000060   0x00000140   Data   RW          366    .data               qr_encode.o
    0x200001a0   0x00000014   Data   RW          501    .data               stm32f10x_rcc.o
    0x200001b4   0x00000014   Data   RW          658    .data               system_stm32f10x.o
    0x200001c8   0x00000004   Data   RW         1005    .data               mc_w.l(errno.o)
    0x200001cc   0x00000004   Data   RW         1041    .data               mc_w.l(stdout.o)


    Execution Region ER_ZI (Base: 0x200001d0, Size: 0x0000b178, Max: 0xffffffff, ABSOLUTE)

    Base Addr    Size         Type   Attr      Idx    E Section Name        Object

    0x200001d0   0x00000050   Zero   RW          157    .bss                user.o
    0x20000220   0x0000000e   Zero   RW          218    .bss                lcd.o
    0x2000022e   0x000000fd   Zero   RW          269    .bss                sim900a.o
    0x2000032b   0x0000ac18   Zero   RW          364    .bss                qr_encode.o
    0x2000af43   0x00000005   PAD
    0x2000af48   0x00000400   Zero   RW          675    STACK               startup_stm32f10x_hd.o


==============================================================================

Image component sizes


      Code (inc. data)   RO Data    RW Data    ZI Data      Debug   Object Name

         0          0          0          0          0         32   core_cm3.o
       212         18          0          4          0        955   delay.o
       300         28          0         13          0       1344   hx711.o
     19036        162       6080          4         14      21108   lcd.o
        24          0          0          0          0     264699   main.o
       220         22          0          0          0       1733   misc.o
      1108         40          0          0          0       3110   peripheral.o
      7604        256       4754        320      44056      16415   qr_encode.o
       900        358          0         26        253       2429   sim900a.o
        36          8        304          0       1024        792   startup_stm32f10x_hd.o
       284         10          0          0          0       2167   stm32f10x_exti.o
      1548         18          0          0          0       5279   stm32f10x_fsmc.o
       860         38          0          0          0       5581   stm32f10x_gpio.o
       428         86          0          1          0       1989   stm32f10x_it.o
        64          6          0          0          0       1237   stm32f10x_iwdg.o
       204         14          0          0          0       1887   stm32f10x_pwr.o
       932         36          0         20          0       8724   stm32f10x_rcc.o
      3610         88          0          0          0      22064   stm32f10x_tim.o
      1032         22          0          0          0       8300   stm32f10x_usart.o
       480         38          0         20          0       1923   system_stm32f10x.o
       468         36        512          0          0      18426   tools.o
      2860        450         45         44         80       4582   user.o

    ----------------------------------------------------------------------
     42212       1734      11728        456      45432     394776   Object Totals
         0          0         32          0          0          0   (incl. Generated)
         2          0          1          4          5          0   (incl. Padding)

    ----------------------------------------------------------------------

      Code (inc. data)   RO Data    RW Data    ZI Data      Debug   Library Member Name

        42          0          0          0          0         84   atof.o
        86          0          0          0          0          0   __dczerorl2.o
        64          0          0          0          0         84   _sgetc.o
        40          6         64          0          0         68   ctype_c.o
         0          0          0          0          0          0   entry.o
         0          0          0          0          0          0   entry10a.o
         0          0          0          0          0          0   entry11a.o
         8          4          0          0          0          0   entry2.o
         4          0          0          0          0          0   entry5.o
         0          0          0          0          0          0   entry7b.o
         0          0          0          0          0          0   entry8b.o
         8          4          0          0          0          0   entry9a.o
        24         12          0          4          0        136   errno.o
        30          0          0          0          0          0   handlers.o
        36          8          0          0          0         68   init.o
        10          0          0          0          0         68   isspace_c.o
         0          0          0          0          0          0   iusefp.o
        30          0          0          0          0         68   llshl.o
        36          0          0          0          0         68   llsshr.o
        32          0          0          0          0         68   llushr.o
        66          0          0          0          0         76   memmove.o
        36          0          0          0          0        108   memseta.o
      2276         96          0          0          0        596   printfa.o
       838         12          0          0          0        216   scanf_fp.o
         0          0          0          4          0          0   stdout.o
        14          0          0          0          0         68   strlen.o
        36          0          0          0          0         80   strstr.o
       156         14          0          0          0        120   strtod.o
        44          0          0          0          0         80   uidiv.o
        98          0          0          0          0         92   uldiv.o
        48          0          0          0          0         68   cdrcmple.o
        56          0          0          0          0         88   d2f.o
       334          0          0          0          0        148   dadd.o
       222          0          0          0          0        100   ddiv.o
       186          0          0          0          0        176   depilogue.o
        50          0          0          0          0         76   dfixui.o
        48          0          0          0          0         68   dfixul.o
        34          0          0          0          0         76   dflti.o
        26          0          0          0          0         76   dfltui.o
        24          0          0          0          0         76   dfltul.o
       228          0          0          0          0         96   dmul.o
       124          0          0          0          0         88   fdiv.o
       110          0          0          0          0        168   fepilogue.o
        50          0          0          0          0         68   ffixi.o
        18          0          0          0          0         68   fflti.o

    ----------------------------------------------------------------------
      5582        156         66          8          0       3588   Library Totals
        10          0          2          0          0          0   (incl. Padding)

    ----------------------------------------------------------------------

      Code (inc. data)   RO Data    RW Data    ZI Data      Debug   Library Name

        42          0          0          0          0         84   m_ws.l
      3972        156         64          8          0       2064   mc_w.l
      1558          0          0          0          0       1440   mf_w.l

    ----------------------------------------------------------------------
      5582        156         66          8          0       3588   Library Totals

    ----------------------------------------------------------------------

==============================================================================


      Code (inc. data)   RO Data    RW Data    ZI Data      Debug   

     47794       1890      11794        464      45432     394540   Grand Totals
     47794       1890      11794        172      45432     394540   ELF Image Totals (compressed)
     47794       1890      11794        172          0          0   ROM Totals

==============================================================================

    Total RO  Size (Code + RO Data)                59588 (  58.19kB)
    Total RW  Size (RW Data + ZI Data)             45896 (  44.82kB)
    Total ROM Size (Code + RO Data + RW Data)      59760 (  58.36kB)

==============================================================================

